// Jest Snapshot v1, https://goo.gl/fbAQLP

exports[`Pruebas en GifItem debe hacer match con el Snapshot 1`] = `
<div>
  <div
    class="card"
  >
    <img
      alt="title"
      src="https://futurama.com.ar/futurama.jpg"
    />
    <p>
      Futurama
    </p>
  </div>
</div>
`;
